MPLINK 5.09, LINKER
Linker Map File - Created Tue Oct 13 11:50:30 2020

                                 Section Info
                  Section       Type    Address   Location Size(Bytes)
                ---------  ---------  ---------  ---------  ---------
                 RES_VECT       code   0x000000    program   0x000002
                   .cinit    romdata   0x000001    program   0x000004
                    INTER       code   0x000004    program   0x0000b0
                MAIN_PROG       code   0x00005c    program   0x000120
.config_2007_BUILD/DEFAULT/PRODUCTION/MAIN.O       code   0x002007    program   0x000002
.config_2008_BUILD/DEFAULT/PRODUCTION/MAIN.O       code   0x002008    program   0x000002
                    VARIA      udata   0x000020       data   0x000017



                              Program Memory Usage 
                               Start         End      
                           ---------   ---------      
                            0x000000    0x000002      
                            0x000004    0x0000eb      
                            0x002007    0x002008      
            237 out of 8455 program addresses used, program memory utilization is 2%



                              Symbols - Sorted by Name
                     Name    Address   Location    Storage File                     
                ---------  ---------  ---------  --------- ---------                
                 CENTENAS   0x0000d7    program     static C:\Users\AngelOrellana\OneDrive\Escritorio\uvg\4toSemestre\PrograDeMicros\Proyecto2\Proyecto2.X\main.asm
                    CINCO   0x0000c1    program     static C:\Users\AngelOrellana\OneDrive\Escritorio\uvg\4toSemestre\PrograDeMicros\Proyecto2\Proyecto2.X\main.asm
     CONVERTIR_BIN_TO_BCD   0x0000d4    program     static C:\Users\AngelOrellana\OneDrive\Escritorio\uvg\4toSemestre\PrograDeMicros\Proyecto2\Proyecto2.X\main.asm
                   CUARTO   0x00004d    program     static C:\Users\AngelOrellana\OneDrive\Escritorio\uvg\4toSemestre\PrograDeMicros\Proyecto2\Proyecto2.X\main.asm
                   CUATRO   0x0000bd    program     static C:\Users\AngelOrellana\OneDrive\Escritorio\uvg\4toSemestre\PrograDeMicros\Proyecto2\Proyecto2.X\main.asm
                  DECENAS   0x0000de    program     static C:\Users\AngelOrellana\OneDrive\Escritorio\uvg\4toSemestre\PrograDeMicros\Proyecto2\Proyecto2.X\main.asm
                      DOS   0x0000b3    program     static C:\Users\AngelOrellana\OneDrive\Escritorio\uvg\4toSemestre\PrograDeMicros\Proyecto2\Proyecto2.X\main.asm
             ENVIAR_DATOS   0x0000a1    program     static C:\Users\AngelOrellana\OneDrive\Escritorio\uvg\4toSemestre\PrograDeMicros\Proyecto2\Proyecto2.X\main.asm
                    FINAL   0x00001c    program     static C:\Users\AngelOrellana\OneDrive\Escritorio\uvg\4toSemestre\PrograDeMicros\Proyecto2\Proyecto2.X\main.asm
                  INT_ADC   0x000013    program     static C:\Users\AngelOrellana\OneDrive\Escritorio\uvg\4toSemestre\PrograDeMicros\Proyecto2\Proyecto2.X\main.asm
                   INT_RC   0x000023    program     static C:\Users\AngelOrellana\OneDrive\Escritorio\uvg\4toSemestre\PrograDeMicros\Proyecto2\Proyecto2.X\main.asm
                 INT_TMR0   0x00000d    program     static C:\Users\AngelOrellana\OneDrive\Escritorio\uvg\4toSemestre\PrograDeMicros\Proyecto2\Proyecto2.X\main.asm
                      ISR   0x000007    program     static C:\Users\AngelOrellana\OneDrive\Escritorio\uvg\4toSemestre\PrograDeMicros\Proyecto2\Proyecto2.X\main.asm
               LECTURA_C1   0x00001a    program     static C:\Users\AngelOrellana\OneDrive\Escritorio\uvg\4toSemestre\PrograDeMicros\Proyecto2\Proyecto2.X\main.asm
                     LOAD   0x000023    program     static C:\Users\AngelOrellana\OneDrive\Escritorio\uvg\4toSemestre\PrograDeMicros\Proyecto2\Proyecto2.X\main.asm
                     LOOP   0x000087    program     static C:\Users\AngelOrellana\OneDrive\Escritorio\uvg\4toSemestre\PrograDeMicros\Proyecto2\Proyecto2.X\main.asm
            MOSTRAR_DATOS   0x000034    program     static C:\Users\AngelOrellana\OneDrive\Escritorio\uvg\4toSemestre\PrograDeMicros\Proyecto2\Proyecto2.X\main.asm
                     OCHO   0x0000d0    program     static C:\Users\AngelOrellana\OneDrive\Escritorio\uvg\4toSemestre\PrograDeMicros\Proyecto2\Proyecto2.X\main.asm
                  PRIMERO   0x00003e    program     static C:\Users\AngelOrellana\OneDrive\Escritorio\uvg\4toSemestre\PrograDeMicros\Proyecto2\Proyecto2.X\main.asm
                   QUINTO   0x000052    program     static C:\Users\AngelOrellana\OneDrive\Escritorio\uvg\4toSemestre\PrograDeMicros\Proyecto2\Proyecto2.X\main.asm
                     SAVE   0x000004    program     static C:\Users\AngelOrellana\OneDrive\Escritorio\uvg\4toSemestre\PrograDeMicros\Proyecto2\Proyecto2.X\main.asm
                  SEGUNDO   0x000043    program     static C:\Users\AngelOrellana\OneDrive\Escritorio\uvg\4toSemestre\PrograDeMicros\Proyecto2\Proyecto2.X\main.asm
                     SEIS   0x0000c6    program     static C:\Users\AngelOrellana\OneDrive\Escritorio\uvg\4toSemestre\PrograDeMicros\Proyecto2\Proyecto2.X\main.asm
                    SEXTO   0x000057    program     static C:\Users\AngelOrellana\OneDrive\Escritorio\uvg\4toSemestre\PrograDeMicros\Proyecto2\Proyecto2.X\main.asm
                    SIETE   0x0000cb    program     static C:\Users\AngelOrellana\OneDrive\Escritorio\uvg\4toSemestre\PrograDeMicros\Proyecto2\Proyecto2.X\main.asm
                    START   0x00005c    program     static C:\Users\AngelOrellana\OneDrive\Escritorio\uvg\4toSemestre\PrograDeMicros\Proyecto2\Proyecto2.X\main.asm
                    TABLA   0x000028    program     static C:\Users\AngelOrellana\OneDrive\Escritorio\uvg\4toSemestre\PrograDeMicros\Proyecto2\Proyecto2.X\main.asm
                  TERCERO   0x000048    program     static C:\Users\AngelOrellana\OneDrive\Escritorio\uvg\4toSemestre\PrograDeMicros\Proyecto2\Proyecto2.X\main.asm
                     TRES   0x0000b8    program     static C:\Users\AngelOrellana\OneDrive\Escritorio\uvg\4toSemestre\PrograDeMicros\Proyecto2\Proyecto2.X\main.asm
                 UNIDADES   0x0000e5    program     static C:\Users\AngelOrellana\OneDrive\Escritorio\uvg\4toSemestre\PrograDeMicros\Proyecto2\Proyecto2.X\main.asm
                      UNO   0x0000ae    program     static C:\Users\AngelOrellana\OneDrive\Escritorio\uvg\4toSemestre\PrograDeMicros\Proyecto2\Proyecto2.X\main.asm
                   ADC_C0   0x000028       data     static C:\Users\AngelOrellana\OneDrive\Escritorio\uvg\4toSemestre\PrograDeMicros\Proyecto2\Proyecto2.X\main.asm
                   ADC_C1   0x000029       data     static C:\Users\AngelOrellana\OneDrive\Escritorio\uvg\4toSemestre\PrograDeMicros\Proyecto2\Proyecto2.X\main.asm
                 CONTADOR   0x000020       data     static C:\Users\AngelOrellana\OneDrive\Escritorio\uvg\4toSemestre\PrograDeMicros\Proyecto2\Proyecto2.X\main.asm
                    FLAGS   0x000030       data     static C:\Users\AngelOrellana\OneDrive\Escritorio\uvg\4toSemestre\PrograDeMicros\Proyecto2\Proyecto2.X\main.asm
                      MUX   0x000021       data     static C:\Users\AngelOrellana\OneDrive\Escritorio\uvg\4toSemestre\PrograDeMicros\Proyecto2\Proyecto2.X\main.asm
             PIXEL_X_HIGH   0x00002c       data     static C:\Users\AngelOrellana\OneDrive\Escritorio\uvg\4toSemestre\PrograDeMicros\Proyecto2\Proyecto2.X\main.asm
              PIXEL_X_LOW   0x00002a       data     static C:\Users\AngelOrellana\OneDrive\Escritorio\uvg\4toSemestre\PrograDeMicros\Proyecto2\Proyecto2.X\main.asm
              PIXEL_X_MID   0x00002b       data     static C:\Users\AngelOrellana\OneDrive\Escritorio\uvg\4toSemestre\PrograDeMicros\Proyecto2\Proyecto2.X\main.asm
             PIXEL_Y_HIGH   0x00002f       data     static C:\Users\AngelOrellana\OneDrive\Escritorio\uvg\4toSemestre\PrograDeMicros\Proyecto2\Proyecto2.X\main.asm
              PIXEL_Y_LOW   0x00002d       data     static C:\Users\AngelOrellana\OneDrive\Escritorio\uvg\4toSemestre\PrograDeMicros\Proyecto2\Proyecto2.X\main.asm
              PIXEL_Y_MID   0x00002e       data     static C:\Users\AngelOrellana\OneDrive\Escritorio\uvg\4toSemestre\PrograDeMicros\Proyecto2\Proyecto2.X\main.asm
               STATUS_RAM   0x000035       data     static C:\Users\AngelOrellana\OneDrive\Escritorio\uvg\4toSemestre\PrograDeMicros\Proyecto2\Proyecto2.X\main.asm
                VALOR_BIN   0x000031       data     static C:\Users\AngelOrellana\OneDrive\Escritorio\uvg\4toSemestre\PrograDeMicros\Proyecto2\Proyecto2.X\main.asm
           VALOR_CENTENAS   0x000033       data     static C:\Users\AngelOrellana\OneDrive\Escritorio\uvg\4toSemestre\PrograDeMicros\Proyecto2\Proyecto2.X\main.asm
            VALOR_DECENAS   0x000032       data     static C:\Users\AngelOrellana\OneDrive\Escritorio\uvg\4toSemestre\PrograDeMicros\Proyecto2\Proyecto2.X\main.asm
           VALOR_UNIDADES   0x000034       data     static C:\Users\AngelOrellana\OneDrive\Escritorio\uvg\4toSemestre\PrograDeMicros\Proyecto2\Proyecto2.X\main.asm
                    W_RAM   0x000036       data     static C:\Users\AngelOrellana\OneDrive\Escritorio\uvg\4toSemestre\PrograDeMicros\Proyecto2\Proyecto2.X\main.asm
                   X_HIGH   0x000024       data     static C:\Users\AngelOrellana\OneDrive\Escritorio\uvg\4toSemestre\PrograDeMicros\Proyecto2\Proyecto2.X\main.asm
                    X_LOW   0x000022       data     static C:\Users\AngelOrellana\OneDrive\Escritorio\uvg\4toSemestre\PrograDeMicros\Proyecto2\Proyecto2.X\main.asm
                    X_MID   0x000023       data     static C:\Users\AngelOrellana\OneDrive\Escritorio\uvg\4toSemestre\PrograDeMicros\Proyecto2\Proyecto2.X\main.asm
                   Y_HIGH   0x000027       data     static C:\Users\AngelOrellana\OneDrive\Escritorio\uvg\4toSemestre\PrograDeMicros\Proyecto2\Proyecto2.X\main.asm
                    Y_LOW   0x000025       data     static C:\Users\AngelOrellana\OneDrive\Escritorio\uvg\4toSemestre\PrograDeMicros\Proyecto2\Proyecto2.X\main.asm
                    Y_MID   0x000026       data     static C:\Users\AngelOrellana\OneDrive\Escritorio\uvg\4toSemestre\PrograDeMicros\Proyecto2\Proyecto2.X\main.asm



                              Symbols - Sorted by Address
                     Name    Address   Location    Storage File                     
                ---------  ---------  ---------  --------- ---------                
                     SAVE   0x000004    program     static C:\Users\AngelOrellana\OneDrive\Escritorio\uvg\4toSemestre\PrograDeMicros\Proyecto2\Proyecto2.X\main.asm
                      ISR   0x000007    program     static C:\Users\AngelOrellana\OneDrive\Escritorio\uvg\4toSemestre\PrograDeMicros\Proyecto2\Proyecto2.X\main.asm
                 INT_TMR0   0x00000d    program     static C:\Users\AngelOrellana\OneDrive\Escritorio\uvg\4toSemestre\PrograDeMicros\Proyecto2\Proyecto2.X\main.asm
                  INT_ADC   0x000013    program     static C:\Users\AngelOrellana\OneDrive\Escritorio\uvg\4toSemestre\PrograDeMicros\Proyecto2\Proyecto2.X\main.asm
               LECTURA_C1   0x00001a    program     static C:\Users\AngelOrellana\OneDrive\Escritorio\uvg\4toSemestre\PrograDeMicros\Proyecto2\Proyecto2.X\main.asm
                    FINAL   0x00001c    program     static C:\Users\AngelOrellana\OneDrive\Escritorio\uvg\4toSemestre\PrograDeMicros\Proyecto2\Proyecto2.X\main.asm
                   INT_RC   0x000023    program     static C:\Users\AngelOrellana\OneDrive\Escritorio\uvg\4toSemestre\PrograDeMicros\Proyecto2\Proyecto2.X\main.asm
                     LOAD   0x000023    program     static C:\Users\AngelOrellana\OneDrive\Escritorio\uvg\4toSemestre\PrograDeMicros\Proyecto2\Proyecto2.X\main.asm
                    TABLA   0x000028    program     static C:\Users\AngelOrellana\OneDrive\Escritorio\uvg\4toSemestre\PrograDeMicros\Proyecto2\Proyecto2.X\main.asm
            MOSTRAR_DATOS   0x000034    program     static C:\Users\AngelOrellana\OneDrive\Escritorio\uvg\4toSemestre\PrograDeMicros\Proyecto2\Proyecto2.X\main.asm
                  PRIMERO   0x00003e    program     static C:\Users\AngelOrellana\OneDrive\Escritorio\uvg\4toSemestre\PrograDeMicros\Proyecto2\Proyecto2.X\main.asm
                  SEGUNDO   0x000043    program     static C:\Users\AngelOrellana\OneDrive\Escritorio\uvg\4toSemestre\PrograDeMicros\Proyecto2\Proyecto2.X\main.asm
                  TERCERO   0x000048    program     static C:\Users\AngelOrellana\OneDrive\Escritorio\uvg\4toSemestre\PrograDeMicros\Proyecto2\Proyecto2.X\main.asm
                   CUARTO   0x00004d    program     static C:\Users\AngelOrellana\OneDrive\Escritorio\uvg\4toSemestre\PrograDeMicros\Proyecto2\Proyecto2.X\main.asm
                   QUINTO   0x000052    program     static C:\Users\AngelOrellana\OneDrive\Escritorio\uvg\4toSemestre\PrograDeMicros\Proyecto2\Proyecto2.X\main.asm
                    SEXTO   0x000057    program     static C:\Users\AngelOrellana\OneDrive\Escritorio\uvg\4toSemestre\PrograDeMicros\Proyecto2\Proyecto2.X\main.asm
                    START   0x00005c    program     static C:\Users\AngelOrellana\OneDrive\Escritorio\uvg\4toSemestre\PrograDeMicros\Proyecto2\Proyecto2.X\main.asm
                     LOOP   0x000087    program     static C:\Users\AngelOrellana\OneDrive\Escritorio\uvg\4toSemestre\PrograDeMicros\Proyecto2\Proyecto2.X\main.asm
             ENVIAR_DATOS   0x0000a1    program     static C:\Users\AngelOrellana\OneDrive\Escritorio\uvg\4toSemestre\PrograDeMicros\Proyecto2\Proyecto2.X\main.asm
                      UNO   0x0000ae    program     static C:\Users\AngelOrellana\OneDrive\Escritorio\uvg\4toSemestre\PrograDeMicros\Proyecto2\Proyecto2.X\main.asm
                      DOS   0x0000b3    program     static C:\Users\AngelOrellana\OneDrive\Escritorio\uvg\4toSemestre\PrograDeMicros\Proyecto2\Proyecto2.X\main.asm
                     TRES   0x0000b8    program     static C:\Users\AngelOrellana\OneDrive\Escritorio\uvg\4toSemestre\PrograDeMicros\Proyecto2\Proyecto2.X\main.asm
                   CUATRO   0x0000bd    program     static C:\Users\AngelOrellana\OneDrive\Escritorio\uvg\4toSemestre\PrograDeMicros\Proyecto2\Proyecto2.X\main.asm
                    CINCO   0x0000c1    program     static C:\Users\AngelOrellana\OneDrive\Escritorio\uvg\4toSemestre\PrograDeMicros\Proyecto2\Proyecto2.X\main.asm
                     SEIS   0x0000c6    program     static C:\Users\AngelOrellana\OneDrive\Escritorio\uvg\4toSemestre\PrograDeMicros\Proyecto2\Proyecto2.X\main.asm
                    SIETE   0x0000cb    program     static C:\Users\AngelOrellana\OneDrive\Escritorio\uvg\4toSemestre\PrograDeMicros\Proyecto2\Proyecto2.X\main.asm
                     OCHO   0x0000d0    program     static C:\Users\AngelOrellana\OneDrive\Escritorio\uvg\4toSemestre\PrograDeMicros\Proyecto2\Proyecto2.X\main.asm
     CONVERTIR_BIN_TO_BCD   0x0000d4    program     static C:\Users\AngelOrellana\OneDrive\Escritorio\uvg\4toSemestre\PrograDeMicros\Proyecto2\Proyecto2.X\main.asm
                 CENTENAS   0x0000d7    program     static C:\Users\AngelOrellana\OneDrive\Escritorio\uvg\4toSemestre\PrograDeMicros\Proyecto2\Proyecto2.X\main.asm
                  DECENAS   0x0000de    program     static C:\Users\AngelOrellana\OneDrive\Escritorio\uvg\4toSemestre\PrograDeMicros\Proyecto2\Proyecto2.X\main.asm
                 UNIDADES   0x0000e5    program     static C:\Users\AngelOrellana\OneDrive\Escritorio\uvg\4toSemestre\PrograDeMicros\Proyecto2\Proyecto2.X\main.asm
                 CONTADOR   0x000020       data     static C:\Users\AngelOrellana\OneDrive\Escritorio\uvg\4toSemestre\PrograDeMicros\Proyecto2\Proyecto2.X\main.asm
                      MUX   0x000021       data     static C:\Users\AngelOrellana\OneDrive\Escritorio\uvg\4toSemestre\PrograDeMicros\Proyecto2\Proyecto2.X\main.asm
                    X_LOW   0x000022       data     static C:\Users\AngelOrellana\OneDrive\Escritorio\uvg\4toSemestre\PrograDeMicros\Proyecto2\Proyecto2.X\main.asm
                    X_MID   0x000023       data     static C:\Users\AngelOrellana\OneDrive\Escritorio\uvg\4toSemestre\PrograDeMicros\Proyecto2\Proyecto2.X\main.asm
                   X_HIGH   0x000024       data     static C:\Users\AngelOrellana\OneDrive\Escritorio\uvg\4toSemestre\PrograDeMicros\Proyecto2\Proyecto2.X\main.asm
                    Y_LOW   0x000025       data     static C:\Users\AngelOrellana\OneDrive\Escritorio\uvg\4toSemestre\PrograDeMicros\Proyecto2\Proyecto2.X\main.asm
                    Y_MID   0x000026       data     static C:\Users\AngelOrellana\OneDrive\Escritorio\uvg\4toSemestre\PrograDeMicros\Proyecto2\Proyecto2.X\main.asm
                   Y_HIGH   0x000027       data     static C:\Users\AngelOrellana\OneDrive\Escritorio\uvg\4toSemestre\PrograDeMicros\Proyecto2\Proyecto2.X\main.asm
                   ADC_C0   0x000028       data     static C:\Users\AngelOrellana\OneDrive\Escritorio\uvg\4toSemestre\PrograDeMicros\Proyecto2\Proyecto2.X\main.asm
                   ADC_C1   0x000029       data     static C:\Users\AngelOrellana\OneDrive\Escritorio\uvg\4toSemestre\PrograDeMicros\Proyecto2\Proyecto2.X\main.asm
              PIXEL_X_LOW   0x00002a       data     static C:\Users\AngelOrellana\OneDrive\Escritorio\uvg\4toSemestre\PrograDeMicros\Proyecto2\Proyecto2.X\main.asm
              PIXEL_X_MID   0x00002b       data     static C:\Users\AngelOrellana\OneDrive\Escritorio\uvg\4toSemestre\PrograDeMicros\Proyecto2\Proyecto2.X\main.asm
             PIXEL_X_HIGH   0x00002c       data     static C:\Users\AngelOrellana\OneDrive\Escritorio\uvg\4toSemestre\PrograDeMicros\Proyecto2\Proyecto2.X\main.asm
              PIXEL_Y_LOW   0x00002d       data     static C:\Users\AngelOrellana\OneDrive\Escritorio\uvg\4toSemestre\PrograDeMicros\Proyecto2\Proyecto2.X\main.asm
              PIXEL_Y_MID   0x00002e       data     static C:\Users\AngelOrellana\OneDrive\Escritorio\uvg\4toSemestre\PrograDeMicros\Proyecto2\Proyecto2.X\main.asm
             PIXEL_Y_HIGH   0x00002f       data     static C:\Users\AngelOrellana\OneDrive\Escritorio\uvg\4toSemestre\PrograDeMicros\Proyecto2\Proyecto2.X\main.asm
                    FLAGS   0x000030       data     static C:\Users\AngelOrellana\OneDrive\Escritorio\uvg\4toSemestre\PrograDeMicros\Proyecto2\Proyecto2.X\main.asm
                VALOR_BIN   0x000031       data     static C:\Users\AngelOrellana\OneDrive\Escritorio\uvg\4toSemestre\PrograDeMicros\Proyecto2\Proyecto2.X\main.asm
            VALOR_DECENAS   0x000032       data     static C:\Users\AngelOrellana\OneDrive\Escritorio\uvg\4toSemestre\PrograDeMicros\Proyecto2\Proyecto2.X\main.asm
           VALOR_CENTENAS   0x000033       data     static C:\Users\AngelOrellana\OneDrive\Escritorio\uvg\4toSemestre\PrograDeMicros\Proyecto2\Proyecto2.X\main.asm
           VALOR_UNIDADES   0x000034       data     static C:\Users\AngelOrellana\OneDrive\Escritorio\uvg\4toSemestre\PrograDeMicros\Proyecto2\Proyecto2.X\main.asm
               STATUS_RAM   0x000035       data     static C:\Users\AngelOrellana\OneDrive\Escritorio\uvg\4toSemestre\PrograDeMicros\Proyecto2\Proyecto2.X\main.asm
                    W_RAM   0x000036       data     static C:\Users\AngelOrellana\OneDrive\Escritorio\uvg\4toSemestre\PrograDeMicros\Proyecto2\Proyecto2.X\main.asm


